#-----------------------------------------------------------
# Vivado v2017.3 (64-bit)
# SW Build 2018833 on Wed Oct  4 19:58:22 MDT 2017
# IP Build 2016188 on Wed Oct  4 21:52:56 MDT 2017
# Start of session at: Wed Apr 15 21:10:03 2020
# Process ID: 6684
# Current directory: C:/Users/Filip/Desktop/FKSIEZYC/FKsiezyc_VGAPROJECT/FilipKsiezyc_projekt_vga
# Command line: vivado.exe -gui_launcher_event rodinguilauncherevent1480 C:\Users\Filip\Desktop\FKSIEZYC\FKsiezyc_VGAPROJECT\FilipKsiezyc_projekt_vga\FilipKsiezyc_projekt_vga.xpr
# Log file: C:/Users/Filip/Desktop/FKSIEZYC/FKsiezyc_VGAPROJECT/FilipKsiezyc_projekt_vga/vivado.log
# Journal file: C:/Users/Filip/Desktop/FKSIEZYC/FKsiezyc_VGAPROJECT/FilipKsiezyc_projekt_vga\vivado.jou
#-----------------------------------------------------------
start_gui
open_project C:/Users/Filip/Desktop/FKSIEZYC/FKsiezyc_VGAPROJECT/FilipKsiezyc_projekt_vga/FilipKsiezyc_projekt_vga.xpr
update_compile_order -fileset sources_1
reset_run synth_1
launch_runs synth_1 -jobs 2
wait_on_run synth_1
launch_runs impl_1 -jobs 2
wait_on_run impl_1
open_run impl_1
reset_run synth_1
launch_runs synth_1 -jobs 2
wait_on_run synth_1
launch_runs impl_1 -jobs 2
wait_on_run impl_1
launch_runs impl_1 -to_step write_bitstream -jobs 2
wait_on_run impl_1
reset_run synth_1
launch_runs impl_1 -to_step write_bitstream -jobs 2
wait_on_run impl_1
reset_run synth_1
launch_runs impl_1 -to_step write_bitstream -jobs 2
wait_on_run impl_1
close_design
